// Jest Snapshot v1, https://goo.gl/fbAQLP

exports[`expect to render Card Component 1`] = `
<div>
  <div
    className="tc bg-silver dib br3 pa3 ma2 grow bw2 shadow-5"
  >
    <img
      alt="robots"
      src="https://robohash.org/1?size=200x200"
    />
    <div>
      <h2>
        Jon Snow
      </h2>
      <p>
        jon@nightwatch.com
      </p>
    </div>
  </div>
</div>
`;
